// Jest Snapshot v1, https://goo.gl/fbAQLP

exports[`should render ExpenseDashboardPage 1`] = `
<div>
  <inject-ExpenseListFilters-with-RootStore-FiltersAction />
  <inject-ExpenseList-with-RootStore />
</div>
`;
